// Jest Snapshot v1, https://goo.gl/fbAQLP

exports[`Happy App render correctly ParagraphComponent 1`] = `
<p
  className="Paragraph-text"
/>
`;
